// Jest Snapshot v1, https://goo.gl/fbAQLP

exports[`rem-em doesnt process the function when name doesnt match exactly 1`] = `
"
.button1 {
  color: theorem(32px);
}
.button2 {
  color: poem(48px);
}
"
`;

exports[`rem-em should work 1`] = `
"
.demo {
  font-size: calc(1rem * var(--mantine-scale));
  height: 2.5em;
}
"
`;

exports[`rem-em works inside media query 1`] = `
"
@media (min-width: 20em) {
  font-size: calc(2rem * var(--mantine-scale));
}
@media (min-height: 15rem) {
  font-size: 1em;
}
"
`;

exports[`rem-em works when rem/em is inside the class name 1`] = `
"
.button-rem {
  color: red;
}
.button-em {
  color: red;
}
"
`;
