// Jest Snapshot v1, https://goo.gl/fbAQLP

exports[`theme correctly replaces theme function 1`] = `
"
.demo {
  background: var(--mantine-color-orange-4);
  border: calc(0.0625rem * var(--mantine-scale)) solid var(--mantine-color-gray-filled);
  padding: var(--mantine-spacing-md) var(--mantine-spacing-sm);
}
"
`;

exports[`theme correctly replaces theme with light-dark function 1`] = `
"
.demo {
  background: var(--mantine-color-red-5);
}
  [data-mantine-color-scheme='dark'] .demo {
  background: var(--mantine-color-blue-5);
}
"
`;
